[debug] [2026-06-07T10:50:08.062Z] ----------------------------------------------------------------------
[debug] [2026-06-07T10:50:08.064Z] Command:       C:\Program Files\nodejs\node.exe C:\Users\RogLaptop\AppData\Roaming\npm\node_modules\firebase-tools\lib\bin\firebase.js deploy
[debug] [2026-06-07T10:50:08.065Z] CLI Version:   15.14.0
[debug] [2026-06-07T10:50:08.065Z] Platform:      win32
[debug] [2026-06-07T10:50:08.065Z] Node Version:  v22.15.0
[debug] [2026-06-07T10:50:08.065Z] Time:          Sun Jun 07 2026 11:50:08 GMT+0100 (British Summer Time)
[debug] [2026-06-07T10:50:08.065Z] ----------------------------------------------------------------------
[debug] 
[debug] [2026-06-07T10:50:12.204Z] > command requires scopes: ["email","openid","https://www.googleapis.com/auth/cloudplatformprojects.readonly","https://www.googleapis.com/auth/firebase","https://www.googleapis.com/auth/cloud-platform"]
[debug] [2026-06-07T10:50:12.204Z] > authorizing via signed-in user (kalmaristvan078@gmail.com)
[debug] [2026-06-07T10:50:12.205Z] [iam] checking project amor-spark for permissions ["cloudfunctions.functions.create","cloudfunctions.functions.delete","cloudfunctions.functions.get","cloudfunctions.functions.list","cloudfunctions.functions.update","cloudfunctions.operations.get","datastore.indexes.create","datastore.indexes.delete","datastore.indexes.list","datastore.indexes.update","firebase.projects.get","firebasehosting.sites.update","firebaserules.releases.create","firebaserules.releases.update","firebaserules.rulesets.create"]
[debug] [2026-06-07T10:50:12.206Z] Checked if tokens are valid: false, expires at: 1780787759768
[debug] [2026-06-07T10:50:12.206Z] Checked if tokens are valid: false, expires at: 1780787759768
[debug] [2026-06-07T10:50:12.206Z] > refreshing access token with scopes: []
[debug] [2026-06-07T10:50:12.207Z] >>> [apiv2][query] POST https://www.googleapis.com/oauth2/v3/token [none]
[debug] [2026-06-07T10:50:12.207Z] >>> [apiv2][body] POST https://www.googleapis.com/oauth2/v3/token [omitted]
[debug] [2026-06-07T10:50:12.388Z] <<< [apiv2][status] POST https://www.googleapis.com/oauth2/v3/token 200
[debug] [2026-06-07T10:50:12.388Z] <<< [apiv2][body] POST https://www.googleapis.com/oauth2/v3/token [omitted]
[debug] [2026-06-07T10:50:12.394Z] >>> [apiv2][query] POST https://cloudresourcemanager.googleapis.com/v1/projects/amor-spark:testIamPermissions [none]
[debug] [2026-06-07T10:50:12.394Z] >>> [apiv2][(partial)header] POST https://cloudresourcemanager.googleapis.com/v1/projects/amor-spark:testIamPermissions  x-goog-user-project=amor-spark
[debug] [2026-06-07T10:50:12.394Z] >>> [apiv2][body] POST https://cloudresourcemanager.googleapis.com/v1/projects/amor-spark:testIamPermissions {"permissions":["cloudfunctions.functions.create","cloudfunctions.functions.delete","cloudfunctions.functions.get","cloudfunctions.functions.list","cloudfunctions.functions.update","cloudfunctions.operations.get","datastore.indexes.create","datastore.indexes.delete","datastore.indexes.list","datastore.indexes.update","firebase.projects.get","firebasehosting.sites.update","firebaserules.releases.create","firebaserules.releases.update","firebaserules.rulesets.create"]}
